2026-09-27 19:05:45,349 - INFO - url: https://zjjdx.yangfeiyue.dpdns.org/txt/Zhejiang_dianxin.txt 获取成功，判断为m3u格式
2026-09-27 19:05:45,352 - INFO - url: https://zjjdx.yangfeiyue.dpdns.org/txt/Zhejiang_dianxin.txt 爬取成功✅，包含频道分类: 央视高清, 卫视高清
2026-09-27 19:05:45,632 - INFO - url: https://shhdx.yangfeiyue.dpdns.org/txt/Shanghai_dianxin.txt 获取成功，判断为m3u格式
2026-09-27 19:05:45,634 - INFO - url: https://shhdx.yangfeiyue.dpdns.org/txt/Shanghai_dianxin.txt 爬取成功✅，包含频道分类: 央视高清, 央视频道, 卫视高清, 数字频道
2026-09-27 19:05:45,873 - INFO - url: https://gdddx.yangfeiyue.dpdns.org/txt/Guangdong_dianxin.txt 获取成功，判断为m3u格式
2026-09-27 19:05:45,879 - INFO - url: https://gdddx.yangfeiyue.dpdns.org/txt/Guangdong_dianxin.txt 爬取成功✅，包含频道分类: 央视高清, 卫视高清
2026-09-27 19:05:46,278 - INFO - url: https://bjjdx.yangfeiyue.dpdns.org/txt/Beijing_dianxin.txt 获取成功，判断为m3u格式
2026-09-27 19:05:46,280 - INFO - url: https://bjjdx.yangfeiyue.dpdns.org/txt/Beijing_dianxin.txt 爬取成功✅，包含频道分类: 央视高清, 本地高清, 卫视高清
2026-09-27 19:05:46,514 - INFO - url: https://bjjlt.yangfeiyue.dpdns.org/txt/Beijing_liantong.txt 获取成功，判断为m3u格式
2026-09-27 19:05:46,518 - INFO - url: https://bjjlt.yangfeiyue.dpdns.org/txt/Beijing_liantong.txt 爬取成功✅，包含频道分类: 央视高清, 本地高清, 卫视高清, 华数高清
2026-09-27 19:05:46,926 - INFO - url: https://tjjlt.yangfeiyue.dpdns.org/txt/Tianjin_liantong.txt 获取成功，判断为m3u格式
2026-09-27 19:05:46,927 - INFO - url: https://tjjlt.yangfeiyue.dpdns.org/txt/Tianjin_liantong.txt 爬取成功✅，包含频道分类: 央视高清, 卫视频道
2026-09-27 19:05:47,136 - INFO - url: https://jssdx.yangfeiyue.dpdns.org/txt/Jiangsu_dianxin.txt 获取成功，判断为m3u格式
2026-09-27 19:05:47,139 - INFO - url: https://jssdx.yangfeiyue.dpdns.org/txt/Jiangsu_dianxin.txt 爬取成功✅，包含频道分类: 央视高清, 卫视高清, 影院高清
2026-09-27 19:05:47,365 - INFO - url: https://ccqqdx.yangfeiyue.dpdns.org/txt/Chongqing_dianxin.txt 获取成功，判断为m3u格式
2026-09-27 19:05:47,367 - INFO - url: https://ccqqdx.yangfeiyue.dpdns.org/txt/Chongqing_dianxin.txt 爬取成功✅，包含频道分类: 卫视高清, 卫视频道, 央视高清
2026-09-27 19:05:47,601 - INFO - url: https://cqqlt.yangfeiyue.dpdns.org/txt/Chongqing_liantong.txt 获取成功，判断为m3u格式
2026-09-27 19:05:47,603 - INFO - url: https://cqqlt.yangfeiyue.dpdns.org/txt/Chongqing_liantong.txt 爬取成功✅，包含频道分类: 卫视高清, 华数高清
2026-09-27 19:05:47,834 - INFO - url: https://ssxdx.yangfeiyue.dpdns.org/txt/Shaanxi_dianxin.txt 获取成功，判断为m3u格式
2026-09-27 19:05:47,840 - INFO - url: https://ssxdx.yangfeiyue.dpdns.org/txt/Shaanxi_dianxin.txt 爬取成功✅，包含频道分类: 央视高清, 卫视高清
2026-09-27 19:05:48,108 - INFO - url: https://jxxdx.yangfeiyue.dpdns.org/txt/Jiangxi_dianxin.txt 获取成功，判断为m3u格式
2026-09-27 19:05:48,109 - INFO - url: https://jxxdx.yangfeiyue.dpdns.org/txt/Jiangxi_dianxin.txt 爬取成功✅，包含频道分类: 卫视高清, 影院高清, 央视高清
2026-09-27 19:05:48,323 - INFO - url: https://fjjdx.yangfeiyue.dpdns.org/txt/Fujian_dianxin.txt 获取成功，判断为m3u格式
2026-09-27 19:05:48,324 - INFO - url: https://fjjdx.yangfeiyue.dpdns.org/txt/Fujian_dianxin.txt 爬取成功✅，包含频道分类: 卫视高清
2026-09-27 19:05:48,570 - INFO - url: https://ahhdx.yangfeiyue.dpdns.org/txt/Anhui_dianxin.txt 获取成功，判断为m3u格式
2026-09-27 19:05:48,575 - INFO - url: https://ahhdx.yangfeiyue.dpdns.org/txt/Anhui_dianxin.txt 爬取成功✅，包含频道分类: 卫视高清, 央视高清, 影院高清, 华数高清
2026-09-27 19:05:48,732 - INFO - url: https://hnndx.yangfeiyue.dpdns.org/txt/Hunan_dianxin.txt 获取成功，判断为m3u格式
2026-09-27 19:05:48,734 - INFO - url: https://hnndx.yangfeiyue.dpdns.org/txt/Hunan_dianxin.txt 爬取成功✅，包含频道分类: 卫视高清, 央视高清, 本地高清
2026-09-27 19:05:48,938 - INFO - url: https://sccdx.yangfeiyue.dpdns.org/txt/Sichuan_dianxin.txt 获取成功，判断为m3u格式
2026-09-27 19:05:48,953 - INFO - url: https://sccdx.yangfeiyue.dpdns.org/txt/Sichuan_dianxin.txt 爬取成功✅，包含频道分类: 央视高清, 卫视高清, 本地高清, 电影, 华数高清, 影院高清
2026-09-27 19:05:49,188 - INFO - url: https://scyd.yangfeiyue.dpdns.org/txt/Sichuan_yidong.txt 获取成功，判断为m3u格式
2026-09-27 19:05:49,190 - INFO - url: https://scyd.yangfeiyue.dpdns.org/txt/Sichuan_yidong.txt 爬取成功✅，包含频道分类: 本地高清
2026-09-27 19:05:49,409 - INFO - url: https://gxxdx.yangfeiyue.dpdns.org/txt/Guangxi_dianxin.txt 获取成功，判断为m3u格式
2026-09-27 19:05:49,411 - INFO - url: https://gxxdx.yangfeiyue.dpdns.org/txt/Guangxi_dianxin.txt 爬取成功✅，包含频道分类: 卫视高清
2026-09-27 19:05:49,571 - INFO - url: https://hbbdx.yangfeiyue.dpdns.org/txt/Hubei_dianxin.txt 获取成功，判断为m3u格式
2026-09-27 19:05:49,572 - INFO - url: https://hbbdx.yangfeiyue.dpdns.org/txt/Hubei_dianxin.txt 爬取成功✅，包含频道分类: 卫视高清, 影院高清
2026-09-27 19:05:49,771 - INFO - url: https://hebbdx.yangfeiyue.dpdns.org/txt/Hebei_dianxin.txt 获取成功，判断为m3u格式
2026-09-27 19:05:49,774 - INFO - url: https://hebbdx.yangfeiyue.dpdns.org/txt/Hebei_dianxin.txt 爬取成功✅，包含频道分类: 卫视高清
2026-09-27 19:05:49,951 - INFO - url: https://heeblt.yangfeiyue.dpdns.org/txt/Hebei_liantong.txt 获取成功，判断为m3u格式
2026-09-27 19:05:49,955 - INFO - url: https://heeblt.yangfeiyue.dpdns.org/txt/Hebei_liantong.txt 爬取成功✅，包含频道分类: 卫视高清
2026-09-27 19:05:50,144 - INFO - url: https://ssxxdx.yangfeiyue.dpdns.org/txt/Shanxi_dianxin.txt 获取成功，判断为m3u格式
2026-09-27 19:05:50,144 - INFO - url: https://ssxxdx.yangfeiyue.dpdns.org/txt/Shanxi_dianxin.txt 爬取成功✅，包含频道分类: 卫视高清
2026-09-27 19:05:50,339 - INFO - url: https://sxxlt.yangfeiyue.dpdns.org/txt/Shanxi_liantong.txt 获取成功，判断为m3u格式
2026-09-27 19:05:50,340 - INFO - url: https://sxxlt.yangfeiyue.dpdns.org/txt/Shanxi_liantong.txt 爬取成功✅，包含频道分类: 卫视高清
2026-09-27 19:05:50,533 - INFO - url: https://hhndx.yangfeiyue.dpdns.org/txt/Henan_dianxin.txt 获取成功，判断为m3u格式
2026-09-27 19:05:50,544 - INFO - url: https://hhndx.yangfeiyue.dpdns.org/txt/Henan_dianxin.txt 爬取成功✅，包含频道分类: 卫视高清, 央视高清, 郑州新闻, 郑州商都, 郑州文体, 郑州戏曲, 郑州妇女, 郑州生活, 本地高清
2026-09-27 19:05:50,731 - INFO - url: https://hhnndx.yangfeiyue.dpdns.org/txt/Henan_dianxin.txt 获取成功，判断为m3u格式
2026-09-27 19:05:50,742 - INFO - url: https://hhnndx.yangfeiyue.dpdns.org/txt/Henan_dianxin.txt 爬取成功✅，包含频道分类: 卫视高清, 央视高清, 郑州新闻, 郑州商都, 郑州文体, 郑州戏曲, 郑州妇女, 郑州生活, 本地高清
2026-09-27 19:05:50,891 - INFO - url: https://hanndx.yangfeiyue.dpdns.org/txt/Hainan_dianxin.txt 获取成功，判断为m3u格式
2026-09-27 19:05:50,892 - INFO - url: https://hanndx.yangfeiyue.dpdns.org/txt/Hainan_dianxin.txt 爬取成功✅，包含频道分类: 央视高清, 卫视频道
2026-09-27 19:05:51,056 - INFO - url: https://lnnlt.yangfeiyue.dpdns.org/txt/Liaoning_liantong.txt 获取成功，判断为m3u格式
2026-09-27 19:05:51,057 - INFO - url: https://lnnlt.yangfeiyue.dpdns.org/txt/Liaoning_liantong.txt 爬取成功✅，包含频道分类: 央视高清, 卫视频道
2026-09-27 19:05:51,202 - INFO - url: https://hljjlt.yangfeiyue.dpdns.org/txt/Heilongjiang_liantong.txt 获取成功，判断为m3u格式
2026-09-27 19:05:51,203 - INFO - url: https://hljjlt.yangfeiyue.dpdns.org/txt/Heilongjiang_liantong.txt 爬取成功✅，包含频道分类: 央视高清
2026-09-27 19:05:51,371 - INFO - url: https://sdddx.yangfeiyue.dpdns.org/txt/Shandong_dianxin.txt 获取成功，判断为m3u格式
2026-09-27 19:05:51,375 - INFO - url: https://sdddx.yangfeiyue.dpdns.org/txt/Shandong_dianxin.txt 爬取成功✅，包含频道分类: 山东电信
2026-09-27 19:05:51,557 - INFO - url: https://gzzdx.yangfeiyue.dpdns.org/txt/Guizhou_dianxin.txt 获取成功，判断为m3u格式
2026-09-27 19:05:51,558 - INFO - url: https://gzzdx.yangfeiyue.dpdns.org/txt/Guizhou_dianxin.txt 爬取成功✅，包含频道分类: 本地高清
2026-09-27 19:05:51,787 - INFO - url: https://nxxdx.yangfeiyue.dpdns.org/txt/Ningxia_dianxin.txt 获取成功，判断为m3u格式
2026-09-27 19:05:51,787 - INFO - url: https://nxxdx.yangfeiyue.dpdns.org/txt/Ningxia_dianxin.txt 爬取成功✅，包含频道分类: 央视高清, 卫视频道
2026-09-27 19:05:52,048 - INFO - url: https://ynndx.yangfeiyue.dpdns.org/txt/Yunnan_dianxin.txt 获取成功，判断为m3u格式
2026-09-27 19:05:52,048 - INFO - url: https://ynndx.yangfeiyue.dpdns.org/txt/Yunnan_dianxin.txt 爬取成功✅，包含频道分类: 央视高清, 卫视频道
2026-09-27 19:05:52,167 - ERROR - url: https://ggdd.yangfeiyue.dpdns.org/txt/Guang_dian.txt 爬取失败❌, Error: 404 Client Error: Not Found for url: https://ggdd.yangfeiyue.dpdns.org/txt/Guang_dian.txt
2026-09-27 19:05:52,339 - INFO - url: https://krrsk.yangfeiyue.dpdns.org/txt/KR_SK.txt 获取成功，判断为m3u格式
2026-09-27 19:05:52,340 - INFO - url: https://krrsk.yangfeiyue.dpdns.org/txt/KR_SK.txt 爬取成功✅，包含频道分类: 韩国高清
2026-09-27 19:05:52,674 - INFO - url: https://proxy.lalifeier.eu.org/https://raw.githubusercontent.com/zjyktcyfy/zj-fy/refs/heads/main/txt/ZJYD.m3u 获取成功，判断为txt格式
2026-09-27 19:05:52,674 - INFO - url: https://proxy.lalifeier.eu.org/https://raw.githubusercontent.com/zjyktcyfy/zj-fy/refs/heads/main/txt/ZJYD.m3u 爬取成功✅，包含频道分类: ZJYD
